2026-07-24 12:01:09,205 DEBUG    root            Loaded Command Group: ['gcloud', 'version']
2026-07-24 12:01:09,205 DEBUG    root            Running [gcloud.version] with arguments: []
2026-07-24 12:01:09,205 DEBUG    root            On GCE from disk cache: False
2026-07-24 12:01:09,207 DEBUG    root            Chosen display Format:flattened[no-pad,separator=" "]
2026-07-24 12:01:09,207 INFO     root            Display format: "flattened[no-pad,separator=" "]"
2026-07-24 12:01:09,231 INFO     ___FILE_ONLY___ Google Cloud SDK
2026-07-24 12:01:09,231 INFO     ___FILE_ONLY___  
2026-07-24 12:01:09,231 INFO     ___FILE_ONLY___ 577.0.0

2026-07-24 12:01:09,231 INFO     ___FILE_ONLY___ bq
2026-07-24 12:01:09,231 INFO     ___FILE_ONLY___  
2026-07-24 12:01:09,231 INFO     ___FILE_ONLY___ 2.1.35

2026-07-24 12:01:09,231 INFO     ___FILE_ONLY___ bundled-python3-unix
2026-07-24 12:01:09,231 INFO     ___FILE_ONLY___  
2026-07-24 12:01:09,231 INFO     ___FILE_ONLY___ 3.14.6

2026-07-24 12:01:09,231 INFO     ___FILE_ONLY___ core
2026-07-24 12:01:09,232 INFO     ___FILE_ONLY___  
2026-07-24 12:01:09,232 INFO     ___FILE_ONLY___ 2026.07.17

2026-07-24 12:01:09,232 INFO     ___FILE_ONLY___ gcloud-crc32c
2026-07-24 12:01:09,232 INFO     ___FILE_ONLY___  
2026-07-24 12:01:09,232 INFO     ___FILE_ONLY___ 1.0.0

2026-07-24 12:01:09,232 INFO     ___FILE_ONLY___ gsutil
2026-07-24 12:01:09,232 INFO     ___FILE_ONLY___  
2026-07-24 12:01:09,232 INFO     ___FILE_ONLY___ 5.37

