2026-07-01 10:56:49,030 DEBUG    root            Loaded Command Group: ['gcloud', 'version']
2026-07-01 10:56:49,031 DEBUG    root            Running [gcloud.version] with arguments: []
2026-07-01 10:56:49,031 DEBUG    root            On GCE from disk cache: False
2026-07-01 10:56:49,032 DEBUG    root            Chosen display Format:flattened[no-pad,separator=" "]
2026-07-01 10:56:49,032 INFO     root            Display format: "flattened[no-pad,separator=" "]"
2026-07-01 10:56:49,048 INFO     ___FILE_ONLY___ Google Cloud SDK
2026-07-01 10:56:49,048 INFO     ___FILE_ONLY___  
2026-07-01 10:56:49,048 INFO     ___FILE_ONLY___ 575.0.0

2026-07-01 10:56:49,048 INFO     ___FILE_ONLY___ bq
2026-07-01 10:56:49,048 INFO     ___FILE_ONLY___  
2026-07-01 10:56:49,048 INFO     ___FILE_ONLY___ 2.1.33

2026-07-01 10:56:49,048 INFO     ___FILE_ONLY___ bundled-python3-unix
2026-07-01 10:56:49,048 INFO     ___FILE_ONLY___  
2026-07-01 10:56:49,048 INFO     ___FILE_ONLY___ 3.14.5

2026-07-01 10:56:49,048 INFO     ___FILE_ONLY___ core
2026-07-01 10:56:49,048 INFO     ___FILE_ONLY___  
2026-07-01 10:56:49,048 INFO     ___FILE_ONLY___ 2026.06.26

2026-07-01 10:56:49,048 INFO     ___FILE_ONLY___ gcloud-crc32c
2026-07-01 10:56:49,048 INFO     ___FILE_ONLY___  
2026-07-01 10:56:49,048 INFO     ___FILE_ONLY___ 1.0.0

2026-07-01 10:56:49,048 INFO     ___FILE_ONLY___ gsutil
2026-07-01 10:56:49,048 INFO     ___FILE_ONLY___  
2026-07-01 10:56:49,048 INFO     ___FILE_ONLY___ 5.37

